{
  "en": {
    "time for bed!": "time for bed!"
  },
  "pt": {
    "time for bed!": "hora de dormir!"
  }
}
